yarn run v1.22.22
$ C:\QuocKhanh\wage-tracker\frontend\node_modules\.bin\tsc --noEmit
Done in 0.31s.
